# Logical Volume Manager
Sự sắp xếp Logical Volume Manager hiển thị như sau :

Logical Volume(s) : /dev/fileserver/share , /dev/fileserver/backup , /dev/fileserver/media

Volume Group(s) : fileserver

Physical Volume(s) : /dev/sdb1 , /dev/sdc1 , /dev/sdd1, /dev/sde1

Trên một hoặc nhiều physical volume	có thể tạo một hoặc nhiều volume group trên mỗi volume group có thể tạo một hoặc nhiều logical volume.

Không nên sử dụng hết dung lượng vật lý cho các logical volume để sau này có thể mở rộng dung lượng một logical volume nào đó khi cần.
Với LVM , một ổ đĩa cứng hoặc một tập các đĩa cứng hoặc các phân vùng ( partition) khác nhau trên một đĩa cứng có thể được phân bổ tới một hoặc nhiều physical volume .

- Physical volumes (PV): Là đĩa cứng vật lý trong server của bạn. Khi dùng LVM có thể kết hợp nhiều PV để tạo thành một Volume Groups với dung lượng bằng tổng dung lượng các PV. Tuy nhie6n PV chỉ là đại diện cho các ổ đĩa vật ký chứ không phải là bản thân ổ đĩa đó, vì vậy để cần phải tạo PV từ các dev đã mount.

- Volume Groups (VG): là một tập hợp các PV, từ VG sẽ có thể phân chia thành các Logical Volumes và các Logical Volumes này có thể thay đổi kích thước dễ dàng.

- Logical Volumes (LV): Là đơn vị cuối cùng của hệ thống LVM, các LV tương đương với partition theo cách phân chia truyền thống. LV có thể thay đổi kích thước dễ dàng, tất cả chỉ phụ thuộc vào kích thước của VG.


- Vì physical volume không thể được mở rộng sang các ổ đĩa vật lý khác, cho nên nếu muốn tạo một phân vùng mới để lưu trữ thư mục hệ thống, nên tạo nhiều physical volume trên một ổ đĩa.

- Các Volume Group có thể được chia thành nhiều Logical Volume , các logical volume sẽ được gán cho các mount points, như là /home và chúng sẽ được định dạng theo các chuẩn như ext3, ext4.. .

- Khi các logical volume đã sử dụng hết dung lượng, nó có thể được cấp thêm từ volume group.

- Khi một ổ đĩa cứng mới được gắn hệ thống, nó có thể được thêm vào volume group và các logical volume trên VG đó có thể mở rộng thêm dung lượng.



Có 2 ổ cứng /dev/sdavà /dev/sdb. Các /dev/sdapartioned như sau
``
# fdisk -l /dev/sda

Disk /dev/sda: 250.1 GB, 250059350016 bytes, 488397168 sectors
Units = sectors of 1 * 512 = 512 bytes
Sector size (logical/physical): 512 bytes / 512 bytes
I/O size (minimum/optimal): 512 bytes / 512 bytes
Disk label type: dos
Disk identifier: 0x000b78bc

   Device Boot      Start         End      Blocks   Id  System
/dev/sda1   *        2048     1026047      512000   83  Linux
/dev/sda2         1026048   155004927    76989440   8e  Linux LVM
/dev/sda3       155004928   488397167   166696120   83  Linux LVM
``
Là /dev/sda1dành cho các /bootphân vùng và không phải là vào bố trí LVM. Cả hai /dev/sda2và /dev/sda3phân vùng là một phần của bố cục LVM. Lưu ý rằng cả hai phân vùng là một phần của cùng một đĩa vật lý. Điều này không phổ biến trong sản xuất nhưng có thể có. Phổ biến hơn là trường hợp các phân vùng thuộc các đĩa vật lý khác nhau.
``
# lvmdiskscan
  /dev/os/swap [       3.89 GiB]
  /dev/sda1    [     500.00 MiB]
  /dev/os/root [      50.00 GiB]
  /dev/sda2    [      73.42 GiB] LVM physical volume
  /dev/os/data [     178.50 GiB]
  /dev/sda3    [     158.97 GiB] LVM physical volume
  /dev/sdb1    [     232.88 GiB]
  3 disks
  2 partitions
  0 LVM physical volume whole disks
  2 LVM physical volumes

# pvs
  PV         VG   Fmt  Attr PSize   PFree
  /dev/sda2  os   lvm2 a--   73.42g    0
  /dev/sda3  os   lvm2 a--  158.97g    0

# vgs
  VG   #PV #LV #SN Attr   VSize   VFree
  os     2   3   0 wz--n- 232.39g    0

# lvs
  LV   VG   Attr       LSize   Pool Origin Data%  Move Log Cpy%Sync Convert
  data os   -wi-ao---- 178.50g
  root os   -wi-ao----  50.00g
  swap os   -wi-ao----   3.89g
  
  
  ``
Hai phần được xem như hai khối lượng vật lý LVM: /dev/sda2và /dev/sda3. Hai khối lượng phisical là một phần của cùng một khối lượng được gọi là nhóm os. Trên hết volume group này có ba khối tin hợp lý: /root, /datavà /swap.

Chúng tôi muốn tăng không gian của bố trí LVM với một phân vùng mới thuộc ổ cứng thứ hai /dev/sdb. Ổ đĩa cứng được phân chia như sau:
``
# fdisk -l /dev/sdb

Disk /dev/sdb: 250.1 GB, 250059350016 bytes, 488397168 sectors
Units = sectors of 1 * 512 = 512 bytes
Sector size (logical/physical): 512 bytes / 512 bytes
I/O size (minimum/optimal): 512 bytes / 512 bytes
Disk label type: dos
Disk identifier: 0x0004da93

   Device Boot      Start         End      Blocks   Id  System
/dev/sdb1            2048   488397167   244197560   83  Linux
``
Thay đổi kiểu phân vùng thành Linux LVM
``
# fdisk /dev/sdb
Welcome to fdisk (util-linux 2.23.2).

Changes will remain in memory only, until you decide to write them.
Be careful before using the write command.


Command (m for help): p

Disk /dev/sdb: 250.1 GB, 250059350016 bytes, 488397168 sectors
Units = sectors of 1 * 512 = 512 bytes
Sector size (logical/physical): 512 bytes / 512 bytes
I/O size (minimum/optimal): 512 bytes / 512 bytes
Disk label type: dos
Disk identifier: 0x0004da93

   Device Boot      Start         End      Blocks   Id  System
/dev/sdb1            2048   488397167   244197560   83  Linux

Command (m for help): t
Selected partition 1
Hex code (type L to list all codes): 8e
Changed type of partition 'Linux' to 'Linux LVM'

Command (m for help): p

Disk /dev/sdb: 250.1 GB, 250059350016 bytes, 488397168 sectors
Units = sectors of 1 * 512 = 512 bytes
Sector size (logical/physical): 512 bytes / 512 bytes
I/O size (minimum/optimal): 512 bytes / 512 bytes
Disk label type: dos
Disk identifier: 0x0004da93

   Device Boot      Start         End      Blocks   Id  System
/dev/sdb1            2048   488397167   244197560   8e  Linux LVM

Command (m for help): w
The partition table has been altered!

Calling ioctl() to re-read partition table.

WARNING: Re-reading the partition table failed with error 16: Device or resource busy.
The kernel still uses the old table. The new table will be used at
the next reboot or after you run partprobe(8) or kpartx(8)
Syncing disks.
``
Sử dụng lệnh `partprode -s` để quét lại các phân vùng :
``
# partprobe -s
/dev/sda: msdos partitions 1 2 3
/dev/sdb: msdos partitions 1
``
Tạo một Physical Volume mới từ phân vùng mới
```
# pvcreate /dev/sdb1
WARNING: xfs signature detected on /dev/sdb1 at offset 0. Wipe it? [y/n] y
  Wiping xfs signature on /dev/sdb1.
  Physical volume "/dev/sdb1" successfully created
 ``` 
Kiểm tra Physical Volume mới bằng lệnh `pvdisplay`
```
# pvdisplay
   "/dev/sdb1" is a new physical volume of "232.88 GiB"
  --- NEW Physical volume ---
  PV Name               /dev/sdb1
  VG Name
  PV Size               232.88 GiB
  Allocatable           NO
  PE Size               0
  Total PE              0
  Free PE               0
  Allocated PE          0
  PV UUID               qtRwhD-Pxcv-JQlD-u7xu-lNi0-CiBv-F9XUoO
  ```
Khi tạo xong /dev/sdb1 với dung lượng 5G , tiến hành mở rộng dung lượng của VG os :

```
# vgextend os /dev/sdb1
  Volume group "os" successfully extended
 ```
Sử dụng pvscan để quét tất cả các ổ đĩa đang được dùng làm Physical Volume.
```
# pvscan
  PV /dev/sda2   VG os   lvm2 [73.42 GiB / 0    free]
  PV /dev/sda3   VG os   lvm2 [158.97 GiB / 0    free]
  PV /dev/sdb1   VG os   lvm2 [232.88 GiB / 232.88 GiB free]
  Total: 3 [465.28 GiB] / in use: 3 [465.28 GiB] / in no VG: 0 [0   ]
  ```
Tăng dung lượng /dev/os/data 
```
# lvscan
  ACTIVE            '/dev/os/root' [50.00 GiB] inherit
  ACTIVE            '/dev/os/swap' [3.89 GiB] inherit
  ACTIVE            '/dev/os/data' [178.50 GiB] inherit
# lvextend /dev/os/data /dev/sdb1
  Extending logical volume data to 411.39 GiB
  Logical volume data successfully resized
# lvscan
  ACTIVE            '/dev/os/root' [50.00 GiB] inherit
  ACTIVE            '/dev/os/swap' [3.89 GiB] inherit
  ACTIVE            '/dev/os/data' [411.39 GiB] inherit
 ```
Kích thước của /dev/os/data tăng từ 178,50 GB lên 411,39 GB.
```
# df -h
Filesystem           Size  Used Avail Use% Mounted on
/dev/mapper/os-root   50G  2.0G   48G   4% /
devtmpfs             1.8G     0  1.8G   0% /dev
tmpfs                1.9G     0  1.9G   0% /dev/shm
tmpfs                1.9G  8.6M  1.8G   1% /run
tmpfs                1.9G     0  1.9G   0% /sys/fs/cgroup
/dev/mapper/os-data  179G   33M  179G   1% /data
/dev/sda1            497M  183M  315M  37% /boot
```
Sử dụng xfs_growfs để thực hiện ( với định dạng file system là ext4 có thể dùng lệnh resize2fs ):

```
# xfs_growfs /dev/os/data
meta-data=/dev/mapper/os-data    isize=256    agcount=4, agsize=11698432 blks
         =                       sectsz=512   attr=2, projid32bit=1
         =                       crc=0
data     =                       bsize=4096   blocks=46793728, imaxpct=25
         =                       sunit=0      swidth=0 blks
naming   =version 2              bsize=4096   ascii-ci=0 ftype=0
log      =internal               bsize=4096   blocks=22848, version=2
         =                       sectsz=512   sunit=0 blks, lazy-count=1
realtime =none                   extsz=4096   blocks=0, rtextents=0
data blocks changed from 46793728 to 107842560

# df -h
Filesystem           Size  Used Avail Use% Mounted on
/dev/mapper/os-root   50G  2.0G   48G   4% /
devtmpfs             1.8G     0  1.8G   0% /dev
tmpfs                1.9G     0  1.9G   0% /dev/shm
tmpfs                1.9G  8.6M  1.8G   1% /run
tmpfs                1.9G     0  1.9G   0% /sys/fs/cgroup
/dev/mapper/os-data  412G   33M  412G   1% /data
/dev/sda1            497M  183M  315M  37% /boot
```

Giảm bố cục LVM
Khi muốn giảm dung lượng LVM, ta không thể giảm dung lượng của phân vùng XFS trực tiếp mà phải tạo một thư mục để backup dữ liệu gọi là dump , tạo một VG nhỏ hơn với dung lượng mà mình muốn sử dụng để đưa dữ liệu vào đó.

```
# mkdir /dump
# mv /data/* /dump/
# umount /data
```
Loại bỏ LV /dev/os/data
```
# lvremove /dev/os/data
Do you really want to remove active logical volume data? [y/n]: y
  Logical volume "data" successfully removed
# lvscan
  ACTIVE            '/dev/os/root' [50.00 GiB] inherit
  ACTIVE            '/dev/os/swap' [3.89 GiB] inherit
  ```
Lệnh `vgreduce` này phân nhỏ dung lượng của VG ra bằng cách gỡ bỏ bớt một hoặc nhiều Physical Volume . Dung lượng được giải phóng có thể sử dụng cho các VG khác hoặc xóa khỏi hệ thống .

```
# vgreduce os /dev/sdb1
  Removed "/dev/sdb1" from volume group "os"
# pvs
  PV         VG   Fmt  Attr PSize   PFree
  /dev/sda2  os   lvm2 a--   73.42g  19.53g
  /dev/sda3  os   lvm2 a--  158.97g 158.97g
  /dev/sdb1       lvm2 a--  232.88g 232.88g
  ```
Gỡ bỏ /dev/sdb1 ra khỏi LVM :
```
# pvremove /dev/sdb1
  Labels on physical volume "/dev/sdb1" successfully wiped
# pvs
  PV         VG   Fmt  Attr PSize   PFree
  /dev/sda2  os   lvm2 a--   73.42g  19.53g
  /dev/sda3  os   lvm2 a--  158.97g 158.97g
  ```
Tạo lại /dev/cl/data logical volume với dung lượng trống còn lại trong os :
```
# lvcreate -l 100%FREE -n data os
WARNING: xfs signature detected on /dev/os/data at offset 0. Wipe it? [y/n] y
  Wiping xfs signature on /dev/os/data.
  Logical volume "data" created
# lvscan
  ACTIVE            '/dev/os/root' [50.00 GiB] inherit
  ACTIVE            '/dev/os/swap' [3.89 GiB] inherit
  ACTIVE            '/dev/os/data' [178.50 GiB] inherit
  ```
Định dạng VG vừa tạo, mount nó đến /data và khôi phục lại dữ liệu từ /dump

# mkfs.xfs -f /dev/os/data
meta-data=/dev/os/data           isize=256    agcount=4, agsize=11698432 blks
         =                       sectsz=512   attr=2, projid32bit=1
         =                       crc=0
data     =                       bsize=4096   blocks=46793728, imaxpct=25
         =                       sunit=0      swidth=0 blks
naming   =version 2              bsize=4096   ascii-ci=0 ftype=0
log      =internal log           bsize=4096   blocks=22848, version=2
         =                       sectsz=512   sunit=0 blks, lazy-count=1
realtime =none                   extsz=4096   blocks=0, rtextents=0

# mount -a
# 
# df -Th
Filesystem          Type      Size  Used Avail Use% Mounted on
/dev/mapper/os-root xfs        50G  2.0G   48G   4% /
devtmpfs            devtmpfs  1.8G     0  1.8G   0% /dev
tmpfs               tmpfs     1.9G     0  1.9G   0% /dev/shm
tmpfs               tmpfs     1.9G  8.5M  1.8G   1% /run
tmpfs               tmpfs     1.9G     0  1.9G   0% /sys/fs/cgroup
/dev/sda1           xfs       497M  183M  315M  37% /boot
/dev/mapper/os-data xfs       179G   33M  179G   1% /data
# 
# mv /dump/* /data/
```
Thay đổi cấu trúc của /dev/sdb1 trở lại như cũ ( không sử dụng LVM ), định dạng XFS và mount nó như một physical partition bình thường .
# fdisk /dev/sdb
Welcome to fdisk (util-linux 2.23.2).
Changes will remain in memory only, until you decide to write them.
Be careful before using the write command.

Command (m for help): p

Disk /dev/sdb: 250.1 GB, 250059350016 bytes, 488397168 sectors
Units = sectors of 1 * 512 = 512 bytes
Sector size (logical/physical): 512 bytes / 512 bytes
I/O size (minimum/optimal): 512 bytes / 512 bytes
Disk label type: dos
Disk identifier: 0x0004da93

   Device Boot      Start         End      Blocks   Id  System
/dev/sdb1            2048   488397167   244197560   8e  Linux LVM

Command (m for help): t
Selected partition 1
Hex code (type L to list all codes): 83
Changed type of partition 'Linux LVM' to 'Linux'

Command (m for help): p

Disk /dev/sdb: 250.1 GB, 250059350016 bytes, 488397168 sectors
Units = sectors of 1 * 512 = 512 bytes
Sector size (logical/physical): 512 bytes / 512 bytes
I/O size (minimum/optimal): 512 bytes / 512 bytes
Disk label type: dos
Disk identifier: 0x0004da93

   Device Boot      Start         End      Blocks   Id  System
/dev/sdb1            2048   488397167   244197560   83  Linux

Command (m for help): w
The partition table has been altered!

Calling ioctl() to re-read partition table.
Syncing disks.
# mkfs.xfs -f /dev/sdb1
meta-data=/dev/sdb1              isize=256    agcount=4, agsize=15262348 blks
         =                       sectsz=512   attr=2, projid32bit=1
         =                       crc=0
data     =                       bsize=4096   blocks=61049390, imaxpct=25
         =                       sunit=0      swidth=0 blks
naming   =version 2              bsize=4096   ascii-ci=0 ftype=0
log      =internal log           bsize=4096   blocks=29809, version=2
         =                       sectsz=512   sunit=0 blks, lazy-count=1
realtime =none                   extsz=4096   blocks=0, rtextents=0

# mount -a
# df -Th
Filesystem          Type      Size  Used Avail Use% Mounted on
/dev/mapper/os-root xfs        50G  2.0G   48G   4% /
devtmpfs            devtmpfs  1.8G     0  1.8G   0% /dev
tmpfs               tmpfs     1.9G     0  1.9G   0% /dev/shm
tmpfs               tmpfs     1.9G  8.5M  1.8G   1% /run
tmpfs               tmpfs     1.9G     0  1.9G   0% /sys/fs/cgroup
/dev/sda1           xfs       497M  183M  315M  37% /boot
/dev/mapper/os-data xfs       179G   33M  179G   1% /data
/dev/sdb1           xfs       233G   33M  233G   1% /cinder-volumes
#
```
